// Jest Snapshot v1, https://goo.gl/fbAQLP

exports[`renders 1`] = `
<DocumentFragment>
  <div
    class="css-1a0azdv"
    data-testid="rocket-summary-1-id"
  >
    <p
      class="css-fd8g0q"
      data-testid="mission-name-1"
    />
    <p
      data-testid="flight-number-1"
    >
      Flight Number: 
    </p>
    <p
      data-testid="rocket-name-1"
    >
      Rocket Name: 
    </p>
    <p
      data-testid="mission-date-1"
    />
    <button
      class="css-77b2el"
      data-testid="detailsBtnId-1"
    >
      Details
    </button>
    <div
      class="css-d04zvd"
    >
      <img
        class="css-54d50x"
        data-testid="logoId-1"
      />
    </div>
  </div>
</DocumentFragment>
`;
