// Jest Snapshot v1, https://goo.gl/fbAQLP

exports[`renders 1`] = `
<DocumentFragment>
  <div
    class="css-1n0vo1"
    data-testid="rocket-summary-undefined-id"
  >
    <p
      class="css-fd8g0q"
      data-testid="mission-name-undefined"
    />
    <p
      data-testid="flight-number-undefined"
    >
      Flight Number: 
    </p>
    <p
      data-testid="rocket-name-undefined"
    >
      Rocket Name: 
    </p>
    <p
      data-testid="mission-date-undefined"
    />
    <button
      class="css-77b2el"
      data-testid="detailsBtnId-undefined"
    >
      Details
    </button>
    <div
      class="css-d04zvd"
    >
      <img
        class="css-54d50x"
        data-testid="logoId-undefined"
      />
    </div>
  </div>
</DocumentFragment>
`;
